// Jest Snapshot v1, https://goo.gl/fbAQLP

exports[`should render FAQPage correctly 1`] = `
<div
  className="page-container"
>
  <div
    className="page-wrapper"
  >
    <div
      style={
        Object {
          "paddingLeft": "1rem",
        }
      }
    >
      <h1
        className="base-title"
      >
        Frequently Asked Questions
      </h1>
      <div
        className="text-container"
      >
        <p>
          Question 1
        </p>
        <p>
          Answer 1
        </p>
        <p>
          Question 2
        </p>
        <p>
          Answer 2
        </p>
      </div>
      <p
        className="btn-styled"
        onClick={[Function]}
      >
        Back to Login
      </p>
    </div>
  </div>
</div>
`;
