// Jest Snapshot v1, https://goo.gl/fbAQLP

exports[`should render NotFoundPage correctly 1`] = `
<div
  className="page-container"
>
  <div
    className="page-wrapper"
    style={
      Object {
        "alignItems": "center",
      }
    }
  >
    <div
      style={
        Object {
          "padding": "2rem",
        }
      }
    >
      <h1>
        Not Found
      </h1>
      <h3>
        Oops, this page is being developed or does not exist
      </h3>
    </div>
  </div>
</div>
`;
